Nothing to build in platform 'design_1_wrapper'

14:49:25 **** Incremental Build of configuration Debug for project RGB ****
make all 
make --no-print-directory pre-build
a9-linaro-pre-build-step
' '
make --no-print-directory main-build
'Building file: ../src/helloworld.c'
'Invoking: ARM v7 gcc compiler'
arm-none-eabi-gcc -Wall -O0 -g3 -c -fmessage-length=0 -MT"src/helloworld.o" -mcpu=cortex-a9 -mfpu=vfpv3 -mfloat-abi=hard -IC:/02_PXL/SoC_PXL_2024/VHDL/PYNQ_RGB/vitis/design_1_wrapper/export/design_1_wrapper/sw/design_1_wrapper/standalone_ps7_cortexa9_0/bspinclude/include -MMD -MP -MF"src/helloworld.d" -MT"src/helloworld.o" -o "src/helloworld.o" "../src/helloworld.c"
../src/helloworld.c: In function 'IntcInitFunction':
../src/helloworld.c:76:1: warning: control reaches end of non-void function [-Wreturn-type]
   76 | }
      | ^
'Finished building: ../src/helloworld.c'
' '
'Building target: RGB.elf'
'Invoking: ARM v7 gcc linker'
arm-none-eabi-gcc -mcpu=cortex-a9 -mfpu=vfpv3 -mfloat-abi=hard -Wl,-build-id=none -specs=Xilinx.spec -Wl,-T -Wl,../src/lscript.ld -LC:/02_PXL/SoC_PXL_2024/VHDL/PYNQ_RGB/vitis/design_1_wrapper/export/design_1_wrapper/sw/design_1_wrapper/standalone_ps7_cortexa9_0/bsplib/lib -o "RGB.elf"  ./src/helloworld.o ./src/platform.o   -Wl,--start-group,-lxil,-lgcc,-lc,--end-group
'Finished building target: RGB.elf'
' '
'Invoking: ARM v7 Print Size'
arm-none-eabi-size RGB.elf  |tee "RGB.elf.size"
   text	   data	    bss	    dec	    hex	filename
  25376	   1952	  22648	  49976	   c338	RGB.elf
'Finished building: RGB.elf.size'
' '
