Nothing to build in platform 'design_1_wrapper'

15:18:07 **** Build of configuration Debug for project Serial_Print ****
make all 
make --no-print-directory pre-build
a9-linaro-pre-build-step
' '
make --no-print-directory main-build
'Building file: ../src/helloworld.c'
'Invoking: ARM v7 gcc compiler'
arm-none-eabi-gcc -Wall -O0 -g3 -c -fmessage-length=0 -MT"src/helloworld.o" -mcpu=cortex-a9 -mfpu=vfpv3 -mfloat-abi=hard -IC:/02_PXL/SoC_PXL_2024/VHDL/PYNQ_RGB/vitis/design_1_wrapper/export/design_1_wrapper/sw/design_1_wrapper/standalone_ps7_cortexa9_0/bspinclude/include -MMD -MP -MF"src/helloworld.d" -MT"src/helloworld.o" -o "src/helloworld.o" "../src/helloworld.c"
In file included from C:/02_PXL/SoC_PXL_2024/VHDL/PYNQ_RGB/vitis/design_1_wrapper/export/design_1_wrapper/sw/design_1_wrapper/standalone_ps7_cortexa9_0/bspinclude/include/xscutimer.h:96,
                 from ../src/helloworld.c:23:
../src/helloworld.c: In function 'IntcInitFunction':
../src/helloworld.c:26:66: warning: integer overflow in expression of type 'int' results in '-2089934592' [-Woverflow]
   26 | #define TIMER_LOAD_VALUE      XPAR_PS7_CORTEXA9_0_CPU_CLK_FREQ_HZ*10
      |                                                                  ^
C:/02_PXL/SoC_PXL_2024/VHDL/PYNQ_RGB/vitis/design_1_wrapper/export/design_1_wrapper/sw/design_1_wrapper/standalone_ps7_cortexa9_0/bspinclude/include/xscutimer_hw.h:251:46: note: in definition of macro 'XScuTimer_WriteReg'
  251 |         Xil_Out32((BaseAddr) + (RegOffset), (Data))
      |                                              ^~~~
../src/helloworld.c:69:5: note: in expansion of macro 'XScuTimer_LoadTimer'
   69 |     XScuTimer_LoadTimer(TimerInstancePtr1, TIMER_LOAD_VALUE);
      |     ^~~~~~~~~~~~~~~~~~~
../src/helloworld.c:69:44: note: in expansion of macro 'TIMER_LOAD_VALUE'
   69 |     XScuTimer_LoadTimer(TimerInstancePtr1, TIMER_LOAD_VALUE);
      |                                            ^~~~~~~~~~~~~~~~
../src/helloworld.c: In function 'timer1_interrupt_handler':
../src/helloworld.c:75:16: warning: unused variable 'my_Timer_LOCAL' [-Wunused-variable]
   75 |     XScuTimer *my_Timer_LOCAL = (XScuTimer *) CallBackRef;
      |                ^~~~~~~~~~~~~~
../src/helloworld.c: In function 'IntcInitFunction':
../src/helloworld.c:71:1: warning: control reaches end of non-void function [-Wreturn-type]
   71 | }
      | ^
'Finished building: ../src/helloworld.c'
' '
'Building file: ../src/platform.c'
'Invoking: ARM v7 gcc compiler'
arm-none-eabi-gcc -Wall -O0 -g3 -c -fmessage-length=0 -MT"src/platform.o" -mcpu=cortex-a9 -mfpu=vfpv3 -mfloat-abi=hard -IC:/02_PXL/SoC_PXL_2024/VHDL/PYNQ_RGB/vitis/design_1_wrapper/export/design_1_wrapper/sw/design_1_wrapper/standalone_ps7_cortexa9_0/bspinclude/include -MMD -MP -MF"src/platform.d" -MT"src/platform.o" -o "src/platform.o" "../src/platform.c"
'Finished building: ../src/platform.c'
' '
'Building target: Serial_Print.elf'
'Invoking: ARM v7 gcc linker'
arm-none-eabi-gcc -mcpu=cortex-a9 -mfpu=vfpv3 -mfloat-abi=hard -Wl,-build-id=none -specs=Xilinx.spec -Wl,-T -Wl,../src/lscript.ld -LC:/02_PXL/SoC_PXL_2024/VHDL/PYNQ_RGB/vitis/design_1_wrapper/export/design_1_wrapper/sw/design_1_wrapper/standalone_ps7_cortexa9_0/bsplib/lib -o "Serial_Print.elf"  ./src/helloworld.o ./src/platform.o   -Wl,--start-group,-lxil,-lgcc,-lc,--end-group
'Finished building target: Serial_Print.elf'
' '
'Invoking: ARM v7 Print Size'
arm-none-eabi-size Serial_Print.elf  |tee "Serial_Print.elf.size"
   text	   data	    bss	    dec	    hex	filename
  27192	   1928	  22632	  51752	   ca28	Serial_Print.elf
'Finished building: Serial_Print.elf.size'
' '
15:18:13 **** Build of configuration Debug for project Serial_Print_system ****
make all 
Generating bif file for the system project
generate_system_bif.bat 60189 C:/02_PXL/SoC_PXL_2024/VHDL/PYNQ_RGB/vitis/design_1_wrapper/export/design_1_wrapper/design_1_wrapper.xpfm standalone_ps7_cortexa9_0 C:/02_PXL/SoC_PXL_2024/VHDL/PYNQ_RGB/vitis/Serial_Print_system/Debug/system.bif
ECHO is off.
ECHO is off.
sdcard_gen --xpfm C:/02_PXL/SoC_PXL_2024/VHDL/PYNQ_RGB/vitis/design_1_wrapper/export/design_1_wrapper/design_1_wrapper.xpfm --sys_config design_1_wrapper --bif C:/02_PXL/SoC_PXL_2024/VHDL/PYNQ_RGB/vitis/Serial_Print_system/Debug/system.bif --bitstream C:/02_PXL/SoC_PXL_2024/VHDL/PYNQ_RGB/vitis/Serial_Print/_ide/bitstream/design_1_wrapper.bit --elf C:/02_PXL/SoC_PXL_2024/VHDL/PYNQ_RGB/vitis/Serial_Print/Debug/Serial_Print.elf,ps7_cortexa9_0
ECHO is off.
ECHO is off.
creating BOOT.BIN using C:/02_PXL/SoC_PXL_2024/VHDL/PYNQ_RGB/vitis/Serial_Print/_ide/bitstream/design_1_wrapper.bit
Running C:/Xilinx/Vitis/2023.2/bin/bootgen  -image C:/02_PXL/SoC_PXL_2024/VHDL/PYNQ_RGB/vitis/Serial_Print_system/Debug/sd_card_temp/boot.bif -w -o i BOOT.BIN
