Nothing to build in platform 'FinalFinalCar'

10:18:27 **** Incremental Build of configuration Debug for project Roomba ****
make all 
make --no-print-directory pre-build
a9-linaro-pre-build-step
' '
make --no-print-directory main-build
'Building file: ../src/helloworld.c'
'Invoking: ARM v7 gcc compiler'
arm-none-eabi-gcc -Wall -O0 -g3 -c -fmessage-length=0 -MT"src/helloworld.o" -mcpu=cortex-a9 -mfpu=vfpv3 -mfloat-abi=hard -IC:/02_PXL/SoC_PXL_2024/VHDL/MotorControl/vitis/FinalFinalCar/export/FinalFinalCar/sw/FinalFinalCar/standalone_ps7_cortexa9_0/bspinclude/include -MMD -MP -MF"src/helloworld.d" -MT"src/helloworld.o" -o "src/helloworld.o" "../src/helloworld.c"
In file included from ../src/helloworld.c:33:
../src/AdressStruct.h: In function 'imu_read':
../src/AdressStruct.h:97:18: warning: operation on 'IMU->Accel_X' may be undefined [-Wsequence-point]
   97 |     IMU->Accel_X = IMU->Accel_X = (Databuffer[0] << 8) | Databuffer[1]; // 0x3B (ACCEL_XOUT_H) 0x3C (ACCEL_XOUT_L)
      |     ~~~~~~~~~~~~~^~~~~~~~~~~~~~~~~~~~~~~~~~~~~~~~~~~~~~~~~~~~~~~~~~~~~
../src/AdressStruct.h: In function 'i2c_init':
../src/AdressStruct.h:140:38: warning: initialization of 'uint8_t *' {aka 'unsigned char *'} from 'int' makes pointer from integer without a cast [-Wint-conversion]
  140 |     uint8_t * MPU_intialization[] = {0x6B,0};
      |                                      ^~~~
../src/AdressStruct.h:140:38: note: (near initialization for 'MPU_intialization[0]')
In file included from ../src/helloworld.c:34:
../src/Sensors.h: In function 'turn':
../src/Sensors.h:156:17: warning: implicit declaration of function 'AdaptSpeed' [-Wimplicit-function-declaration]
  156 |                 AdaptSpeed(Car,xTmrCtr_Inst);
      |                 ^~~~~~~~~~
../src/Sensors.h: At top level:
../src/Sensors.h:165:6: warning: conflicting types for 'AdaptSpeed'; have 'void(Car_t *, XTmrCtr *)'
  165 | void AdaptSpeed(Car_t * Car,XTmrCtr * xTmrCtr_Inst){
      |      ^~~~~~~~~~
../src/Sensors.h:156:17: note: previous implicit declaration of 'AdaptSpeed' with type 'void(Car_t *, XTmrCtr *)'
  156 |                 AdaptSpeed(Car,xTmrCtr_Inst);
      |                 ^~~~~~~~~~
../src/helloworld.c: In function 'xTmrCtr_Init':
../src/helloworld.c:81:17: warning: variable 'DutyCycle' set but not used [-Wunused-but-set-variable]
   81 |     int Status, DutyCycle;
      |                 ^~~~~~~~~
'Finished building: ../src/helloworld.c'
' '
'Building target: Roomba.elf'
'Invoking: ARM v7 gcc linker'
arm-none-eabi-gcc -mcpu=cortex-a9 -mfpu=vfpv3 -mfloat-abi=hard -Wl,-build-id=none -specs=Xilinx.spec -Wl,-T -Wl,../src/lscript.ld -LC:/02_PXL/SoC_PXL_2024/VHDL/MotorControl/vitis/FinalFinalCar/export/FinalFinalCar/sw/FinalFinalCar/standalone_ps7_cortexa9_0/bsplib/lib -o "Roomba.elf"  ./src/helloworld.o ./src/platform.o   -Wl,--start-group,-lxil,-lgcc,-lc,--end-group
'Finished building target: Roomba.elf'
' '
'Invoking: ARM v7 Print Size'
arm-none-eabi-size Roomba.elf  |tee "Roomba.elf.size"
   text	   data	    bss	    dec	    hex	filename
  40255	   2032	  22656	  64943	   fdaf	Roomba.elf
'Finished building: Roomba.elf.size'
' '
