Nothing to build in platform 'FinalFinalCar'

19:13:02 **** Incremental Build of configuration Debug for project Roomba ****
make all 
make --no-print-directory pre-build
a9-linaro-pre-build-step
' '
make --no-print-directory main-build
'Building file: ../src/helloworld.c'
'Invoking: ARM v7 gcc compiler'
arm-none-eabi-gcc -Wall -O0 -g3 -c -fmessage-length=0 -MT"src/helloworld.o" -mcpu=cortex-a9 -mfpu=vfpv3 -mfloat-abi=hard -IC:/02_PXL/SoC_PXL_2024/VHDL/MotorControl/vitis/FinalFinalCar/export/FinalFinalCar/sw/FinalFinalCar/standalone_ps7_cortexa9_0/bspinclude/include -MMD -MP -MF"src/helloworld.d" -MT"src/helloworld.o" -o "src/helloworld.o" "../src/helloworld.c"
In file included from ../src/helloworld.c:34:
../src/Sensors.h: In function 'ReadallSensor':
../src/Sensors.h:42:23: warning: assignment to 'uint32_t' {aka 'long unsigned int'} from 'uint32_t *' {aka 'long unsigned int *'} makes integer from pointer without a cast [-Wint-conversion]
   42 |         Car->AvgSpeed = Car->AvgSpeed + &Car->Motors[i].SpeedSensor.Speed;
      |                       ^
../src/helloworld.c: In function 'xTmrCtr_Init':
../src/helloworld.c:81:17: warning: variable 'DutyCycle' set but not used [-Wunused-but-set-variable]
   81 |     int Status, DutyCycle;
      |                 ^~~~~~~~~
'Finished building: ../src/helloworld.c'
' '
'Building target: Roomba.elf'
'Invoking: ARM v7 gcc linker'
arm-none-eabi-gcc -mcpu=cortex-a9 -mfpu=vfpv3 -mfloat-abi=hard -Wl,-build-id=none -specs=Xilinx.spec -Wl,-T -Wl,../src/lscript.ld -LC:/02_PXL/SoC_PXL_2024/VHDL/MotorControl/vitis/FinalFinalCar/export/FinalFinalCar/sw/FinalFinalCar/standalone_ps7_cortexa9_0/bsplib/lib -o "Roomba.elf"  ./src/helloworld.o ./src/platform.o   -Wl,--start-group,-lxil,-lgcc,-lc,--end-group
'Finished building target: Roomba.elf'
' '
'Invoking: ARM v7 Print Size'
arm-none-eabi-size Roomba.elf  |tee "Roomba.elf.size"
   text	   data	    bss	    dec	    hex	filename
  35167	   2032	  22656	  59855	   e9cf	Roomba.elf
'Finished building: Roomba.elf.size'
' '
