#-----------------------------------------------------------
# Vivado v2023.2 (64-bit)
# SW Build 4029153 on Fri Oct 13 20:14:34 MDT 2023
# IP Build 4028589 on Sat Oct 14 00:45:43 MDT 2023
# SharedData Build 4025554 on Tue Oct 10 17:18:54 MDT 2023
# Start of session at: Mon Jun 10 14:14:55 2024
# Process ID: 5804
# Current directory: C:/02_PXL/SoC_PXL_2024/VHDL/PYNQ_RGB/PYNQ_RGB.runs/design_1_rst_ps7_0_100M_0_synth_1
# Command line: vivado.exe -log design_1_rst_ps7_0_100M_0.vds -product Vivado -mode batch -messageDb vivado.pb -notrace -source design_1_rst_ps7_0_100M_0.tcl
# Log file: C:/02_PXL/SoC_PXL_2024/VHDL/PYNQ_RGB/PYNQ_RGB.runs/design_1_rst_ps7_0_100M_0_synth_1/design_1_rst_ps7_0_100M_0.vds
# Journal file: C:/02_PXL/SoC_PXL_2024/VHDL/PYNQ_RGB/PYNQ_RGB.runs/design_1_rst_ps7_0_100M_0_synth_1\vivado.jou
# Running On: Wheatley, OS: Windows, CPU Frequency: 2419 MHz, CPU Physical cores: 4, Host memory: 16969 MB
#-----------------------------------------------------------
source design_1_rst_ps7_0_100M_0.tcl -notrace
