10:49:19 **** Build of configuration Debug for project Car ****
make all 
make --no-print-directory pre-build
a9-linaro-pre-build-step
' '
make --no-print-directory main-build
'Building file: ../src/helloworld.c'
'Invoking: ARM v7 gcc compiler'
arm-none-eabi-gcc -Wall -O0 -g3 -c -fmessage-length=0 -MT"src/helloworld.o" -mcpu=cortex-a9 -mfpu=vfpv3 -mfloat-abi=hard -IC:/XilinxDev/FinalCar/FinalCar/export/FinalCar/sw/FinalCar/standalone_ps7_cortexa9_0/bspinclude/include -MMD -MP -MF"src/helloworld.d" -MT"src/helloworld.o" -o "src/helloworld.o" "../src/helloworld.c"
../src/helloworld.c: In function 'xTmrCtr_Init':
../src/helloworld.c:80:17: warning: variable 'DutyCycle' set but not used [-Wunused-but-set-variable]
   80 |     int Status, DutyCycle;
      |                 ^~~~~~~~~
'Finished building: ../src/helloworld.c'
' '
'Building file: ../src/platform.c'
'Invoking: ARM v7 gcc compiler'
arm-none-eabi-gcc -Wall -O0 -g3 -c -fmessage-length=0 -MT"src/platform.o" -mcpu=cortex-a9 -mfpu=vfpv3 -mfloat-abi=hard -IC:/XilinxDev/FinalCar/FinalCar/export/FinalCar/sw/FinalCar/standalone_ps7_cortexa9_0/bspinclude/include -MMD -MP -MF"src/platform.d" -MT"src/platform.o" -o "src/platform.o" "../src/platform.c"
'Finished building: ../src/platform.c'
' '
'Building target: Car.elf'
'Invoking: ARM v7 gcc linker'
arm-none-eabi-gcc -mcpu=cortex-a9 -mfpu=vfpv3 -mfloat-abi=hard -Wl,-build-id=none -specs=Xilinx.spec -Wl,-T -Wl,../src/lscript.ld -LC:/XilinxDev/FinalCar/FinalCar/export/FinalCar/sw/FinalCar/standalone_ps7_cortexa9_0/bsplib/lib -o "Car.elf"  ./src/helloworld.o ./src/platform.o   -lxil -Wl,--start-group,-lxil,-lgcc,-lc,--end-group
'Finished building target: Car.elf'
' '
'Invoking: ARM v7 Print Size'
arm-none-eabi-size Car.elf  |tee "Car.elf.size"
   text	   data	    bss	    dec	    hex	filename
  31719	   1968	  22656	  56343	   dc17	Car.elf
'Finished building: Car.elf.size'
' '

10:49:20 Build Finished (took 1s.506ms)

