18:27:31 **** Incremental Build of configuration Debug for project axi_neopixel ****
make all 
make --no-print-directory pre-build
a9-linaro-pre-build-step
' '
make --no-print-directory main-build
'Building file: ../src/helloworld.c'
'Invoking: ARM v7 gcc compiler'
arm-none-eabi-gcc -Wall -O0 -g3 -c -fmessage-length=0 -MT"src/helloworld.o" -mcpu=cortex-a9 -mfpu=vfpv3 -mfloat-abi=hard -IC:/XilinxDev/neopixel/vitis/SoC_AXI_NeoPixel2/export/SoC_AXI_NeoPixel2/sw/SoC_AXI_NeoPixel2/standalone_ps7_cortexa9_0/bspinclude/include -MMD -MP -MF"src/helloworld.d" -MT"src/helloworld.o" -o "src/helloworld.o" "../src/helloworld.c"
../src/helloworld.c: In function 'main':
../src/helloworld.c:11:19: warning: variable 'blue' set but not used [-Wunused-but-set-variable]
   11 |     u16 red,green,blue;
      |                   ^~~~
../src/helloworld.c:11:13: warning: variable 'green' set but not used [-Wunused-but-set-variable]
   11 |     u16 red,green,blue;
      |             ^~~~~
../src/helloworld.c:11:9: warning: variable 'red' set but not used [-Wunused-but-set-variable]
   11 |     u16 red,green,blue;
      |         ^~~
'Finished building: ../src/helloworld.c'
' '
'Building target: axi_neopixel.elf'
'Invoking: ARM v7 gcc linker'
arm-none-eabi-gcc -mcpu=cortex-a9 -mfpu=vfpv3 -mfloat-abi=hard -Wl,-build-id=none -specs=Xilinx.spec -Wl,-T -Wl,../src/lscript.ld -LC:/XilinxDev/neopixel/vitis/SoC_AXI_NeoPixel2/export/SoC_AXI_NeoPixel2/sw/SoC_AXI_NeoPixel2/standalone_ps7_cortexa9_0/bsplib/lib -o "axi_neopixel.elf"  ./src/helloworld.o ./src/platform.o   -Wl,--start-group,-lxil,-lgcc,-lc,--end-group
'Finished building target: axi_neopixel.elf'
' '
'Invoking: ARM v7 Print Size'
arm-none-eabi-size axi_neopixel.elf  |tee "axi_neopixel.elf.size"
   text	   data	    bss	    dec	    hex	filename
  22569	   1144	  22568	  46281	   b4c9	axi_neopixel.elf
'Finished building: axi_neopixel.elf.size'
' '

18:27:32 Build Finished (took 713ms)

