09:57:01 **** Incremental Build of configuration Debug for project Examen ****
make all 
make --no-print-directory pre-build
a9-linaro-pre-build-step
' '
make --no-print-directory main-build
'Building file: ../src/helloworld.c'
'Invoking: ARM v7 gcc compiler'
arm-none-eabi-gcc -Wall -O0 -g3 -c -fmessage-length=0 -MT"src/helloworld.o" -mcpu=cortex-a9 -mfpu=vfpv3 -mfloat-abi=hard -IC:/02_PXL/SoC_PXL_2024/Examen/ExamenSoC/export/ExamenSoC/sw/ExamenSoC/standalone_ps7_cortexa9_0/bspinclude/include -MMD -MP -MF"src/helloworld.d" -MT"src/helloworld.o" -o "src/helloworld.o" "../src/helloworld.c"
../src/helloworld.c: In function 'IntcInitFunction':
../src/helloworld.c:139:1: warning: control reaches end of non-void function [-Wreturn-type]
  139 | }
      | ^
'Finished building: ../src/helloworld.c'
' '
'Building target: Examen.elf'
'Invoking: ARM v7 gcc linker'
arm-none-eabi-gcc -mcpu=cortex-a9 -mfpu=vfpv3 -mfloat-abi=hard -Wl,-build-id=none -specs=Xilinx.spec -Wl,-T -Wl,../src/lscript.ld -LC:/02_PXL/SoC_PXL_2024/Examen/ExamenSoC/export/ExamenSoC/sw/ExamenSoC/standalone_ps7_cortexa9_0/bsplib/lib -o "Examen.elf"  ./src/helloworld.o ./src/platform.o   -Wl,--start-group,-lxil,-lgcc,-lc,--end-group
'Finished building target: Examen.elf'
' '
'Invoking: ARM v7 Print Size'
arm-none-eabi-size Examen.elf  |tee "Examen.elf.size"
   text	   data	    bss	    dec	    hex	filename
  29556	   1968	  22664	  54188	   d3ac	Examen.elf
'Finished building: Examen.elf.size'
' '

09:57:02 Build Finished (took 775ms)

